// Jest Snapshot v1, https://goo.gl/fbAQLP

exports[`matches the snapshot 1`] = `
<DocumentFragment>
  <div
    class="App"
  >
    <h1>
      AutoComplete Example
    </h1>
    <div
      class="autocomplete"
    >
      <input
        placeholder="Type to search..."
        type="text"
        value=""
      />
    </div>
  </div>
</DocumentFragment>
`;
